Archive member included because of file (symbol)

/root/BusTimer/lib/libpebble.a(tmpE96Sgtpebble_os.o)
                              src/Bustimer.c.1.o (animation_set_duration)
/root/pebble-dev/arm-cs-tools/bin/../lib/gcc/arm-none-eabi/4.6.3/../../../../arm-none-eabi/lib/thumb2/libc.a(lib_a-memset.o)
                              src/Bustimer.c.1.o (memset)

Allocating common symbols
Common symbol       size              file

time_container_layer
                    0x28              src/Bustimer.c.1.o
time_slots          0x130             src/Bustimer.c.1.o
time_layer          0x28              src/Bustimer.c.1.o
countdown_layer     0x28              src/Bustimer.c.1.o
countdown_slots     0x330             src/Bustimer.c.1.o
window              0x58              src/Bustimer.c.1.o
day_item            0x70              src/Bustimer.c.1.o

Memory Configuration

Name             Origin             Length             Attributes
APP              0x00000000         0x00006000         xrw
*default*        0x00000000         0xffffffff

Linker script and memory map

LOAD /root/pebble-dev/arm-cs-tools/bin/../lib/gcc/arm-none-eabi/4.6.3/thumb2/crti.o
LOAD /root/pebble-dev/arm-cs-tools/bin/../lib/gcc/arm-none-eabi/4.6.3/thumb2/crtbegin.o
LOAD src/Bustimer.c.1.o
LOAD /root/BusTimer/lib/libpebble.a
START GROUP
LOAD /root/pebble-dev/arm-cs-tools/bin/../lib/gcc/arm-none-eabi/4.6.3/thumb2/libgcc.a
LOAD /root/pebble-dev/arm-cs-tools/bin/../lib/gcc/arm-none-eabi/4.6.3/../../../../arm-none-eabi/lib/thumb2/libc.a
END GROUP
LOAD /root/pebble-dev/arm-cs-tools/bin/../lib/gcc/arm-none-eabi/4.6.3/thumb2/crtend.o
LOAD /root/pebble-dev/arm-cs-tools/bin/../lib/gcc/arm-none-eabi/4.6.3/thumb2/crtn.o

.header         0x00000000       0x7c
 *(.pbl_header)
 .pbl_header    0x00000000       0x7c src/Bustimer.c.1.o
                0x00000000                __pbl_app_info

.text           0x0000007c     0x175c
 *(.text)
 .text          0x0000007c        0x0 /root/pebble-dev/arm-cs-tools/bin/../lib/gcc/arm-none-eabi/4.6.3/thumb2/crti.o
 .text          0x0000007c       0x68 /root/pebble-dev/arm-cs-tools/bin/../lib/gcc/arm-none-eabi/4.6.3/thumb2/crtbegin.o
 .text          0x000000e4      0xb68 src/Bustimer.c.1.o
                0x000000e4                load_digit_image_into_slot
                0x0000016c                unload_digit_image_from_slot
                0x000001ac                display_countdown
                0x000002d8                display_day
                0x00000350                display_countdown_value
                0x00000410                uptime_countdown_slot
                0x000004a8                frame_for_countdown_slot
                0x00000528                slide_in_digit_image_into_countdown_slot
                0x00000640                countdown_slot_slide_in_animation_stopped
                0x00000668                slide_out_digit_image_from_countdown_slot
                0x00000734                countdown_slot_slide_out_animation_stopped
                0x00000778                display_time_value
                0x00000838                uptime_time_slot
                0x000008c4                pbl_main
                0x0000091c                handle_init
                0x00000b78                handle_second_tick
                0x00000bb8                handle_deinit
 .text          0x00000c4c      0xb8c /root/BusTimer/lib/libpebble.a(tmpE96Sgtpebble_os.o)
                0x00000c4c                animation_init
                0x00000c58                animation_set_delay
                0x00000c64                animation_set_duration
                0x00000c70                animation_set_curve
                0x00000c7c                animation_set_handlers
                0x00000c88                animation_set_implementation
                0x00000c94                animation_get_context
                0x00000ca0                animation_schedule
                0x00000cac                animation_unschedule
                0x00000cb8                animation_unschedule_all
                0x00000cc4                animation_is_scheduled
                0x00000cd0                app_timer_send_event
                0x00000cdc                app_timer_cancel_event
                0x00000ce8                app_event_loop
                0x00000cf4                bmp_init_container
                0x00000d00                bmp_deinit_container
                0x00000d0c                cos_lookup
                0x00000d18                fonts_get_system_font
                0x00000d24                fonts_load_custom_font
                0x00000d30                fonts_unload_custom_font
                0x00000d3c                graphics_context_set_stroke_color
                0x00000d48                graphics_context_set_fill_color
                0x00000d54                graphics_context_set_text_color
                0x00000d60                graphics_context_set_compositing_mode
                0x00000d6c                graphics_draw_pixel
                0x00000d78                graphics_draw_line
                0x00000d84                graphics_fill_rect
                0x00000d90                graphics_draw_circle
                0x00000d9c                graphics_fill_circle
                0x00000da8                graphics_draw_round_rect
                0x00000db4                get_time
                0x00000dc0                gpath_init
                0x00000dcc                gpath_move_to
                0x00000dd8                gpath_rotate_to
                0x00000de4                gpath_draw_outline
                0x00000df0                gpath_draw_filled
                0x00000dfc                grect_center_point
                0x00000e08                layer_mark_dirty
                0x00000e14                layer_remove_from_parent
                0x00000e20                layer_add_child
                0x00000e2c                layer_get_frame
                0x00000e38                layer_set_frame
                0x00000e44                layer_set_hidden
                0x00000e50                layer_init
                0x00000e5c                light_enable
                0x00000e68                light_enable_interaction
                0x00000e74                psleep
                0x00000e80                resource_init_current_app
                0x00000e8c                resource_get_handle
                0x00000e98                resource_load
                0x00000ea4                resource_load_byte_range
                0x00000eb0                resource_size
                0x00000ebc                rotbmp_deinit_container
                0x00000ec8                rotbmp_init_container
                0x00000ed4                rotbmp_pair_deinit_container
                0x00000ee0                rotbmp_pair_init_container
                0x00000eec                rotbmp_pair_layer_set_src_ic
                0x00000ef8                rotbmp_pair_layer_set_angle
                0x00000f04                window_init
                0x00000f10                window_stack_push
                0x00000f1c                window_set_click_config_provider
                0x00000f28                window_set_background_color
                0x00000f34                window_render
                0x00000f40                window_set_fullscreen
                0x00000f4c                sin_lookup
                0x00000f58                string_format_time
                0x00000f64                text_layer_init
                0x00000f70                text_layer_get_text
                0x00000f7c                text_layer_set_text
                0x00000f88                text_layer_set_font
                0x00000f94                text_layer_set_text_color
                0x00000fa0                text_layer_set_background_color
                0x00000fac                vibes_double_pulse
                0x00000fb8                vibes_enqueue_custom_pattern
                0x00000fc4                vibes_long_pulse
                0x00000fd0                vibes_short_pulse
                0x00000fdc                app_get_current_graphics_context
                0x00000fe8                clock_is_24h_style
                0x00000ff4                property_animation_init_layer_frame
                0x00001000                text_layer_set_text_alignment
                0x0000100c                graphics_draw_bitmap_in_rect
                0x00001018                graphics_text_draw
                0x00001024                layer_set_bounds
                0x00001030                layer_get_bounds
                0x0000103c                layer_set_update_proc
                0x00001048                layer_get_window
                0x00001054                layer_remove_child_layers
                0x00001060                layer_insert_below_sibling
                0x0000106c                layer_insert_above_sibling
                0x00001078                layer_get_hidden
                0x00001084                layer_set_clips
                0x00001090                layer_get_clips
                0x0000109c                text_layer_get_max_used_size
                0x000010a8                text_layer_set_size
                0x000010b4                text_layer_set_overflow_mode
                0x000010c0                graphics_text_layout_get_max_used_size
                0x000010cc                inverter_layer_init
                0x000010d8                bitmap_layer_init
                0x000010e4                bitmap_layer_set_bitmap
                0x000010f0                bitmap_layer_set_alignment
                0x000010fc                bitmap_layer_set_background_color
                0x00001108                bitmap_layer_set_compositing_mode
                0x00001114                heap_bitmap_init
                0x00001120                heap_bitmap_deinit
                0x0000112c                click_recognizer_get_button_id
                0x00001138                click_number_of_clicks_counted
                0x00001144                menu_cell_basic_draw
                0x00001150                menu_cell_title_draw
                0x0000115c                menu_cell_basic_header_draw
                0x00001168                menu_layer_init
                0x00001174                menu_layer_get_layer
                0x00001180                menu_layer_set_callbacks
                0x0000118c                menu_layer_set_click_config_onto_window
                0x00001198                menu_layer_set_selected_next
                0x000011a4                menu_layer_set_selected_index
                0x000011b0                menu_layer_reload_data
                0x000011bc                menu_index_compare
                0x000011c8                scroll_layer_init
                0x000011d4                scroll_layer_add_child
                0x000011e0                scroll_layer_set_click_config_onto_window
                0x000011ec                scroll_layer_set_callbacks
                0x000011f8                scroll_layer_set_context
                0x00001204                scroll_layer_set_content_offset
                0x00001210                scroll_layer_get_content_offset
                0x0000121c                scroll_layer_set_content_size
                0x00001228                scroll_layer_get_content_size
                0x00001234                scroll_layer_set_frame
                0x00001240                scroll_layer_scroll_up_click_handler
                0x0000124c                scroll_layer_scroll_down_click_handler
                0x00001258                simple_menu_layer_init
                0x00001264                simple_menu_layer_get_layer
                0x00001270                simple_menu_layer_get_selected_index
                0x0000127c                simple_menu_layer_set_selected_index
                0x00001288                window_deinit
                0x00001294                window_set_click_config_provider_with_context
                0x000012a0                window_get_click_config_provider
                0x000012ac                window_set_window_handlers
                0x000012b8                window_get_root_layer
                0x000012c4                window_get_fullscreen
                0x000012d0                window_set_status_bar_icon
                0x000012dc                window_is_loaded
                0x000012e8                window_stack_pop
                0x000012f4                window_stack_pop_all
                0x00001300                window_stack_contains_window
                0x00001308                window_stack_get_top_window
                0x00001310                window_stack_remove
                0x00001318                property_animation_init
                0x00001320                property_animation_update_int16
                0x00001328                property_animation_update_gpoint
                0x00001330                property_animation_update_grect
                0x00001338                app_message_register_callbacks
                0x00001340                app_message_deregister_callbacks
                0x00001348                app_message_out_get
                0x00001350                app_message_out_send
                0x00001358                app_message_out_release
                0x00001360                app_sync_init
                0x00001368                app_sync_deinit
                0x00001370                app_sync_set
                0x00001378                app_sync_get
                0x00001380                dict_calc_buffer_size
                0x00001388                dict_write_begin
                0x00001390                dict_write_data
                0x00001398                dict_write_cstring
                0x000013a0                dict_write_int
                0x000013a8                dict_write_uint8
                0x000013b0                dict_write_uint16
                0x000013b8                dict_write_uint32
                0x000013c0                dict_write_int8
                0x000013c8                dict_write_int16
                0x000013d0                dict_write_int32
                0x000013d8                dict_write_end
                0x000013e0                dict_read_begin_from_buffer
                0x000013e8                dict_read_next
                0x000013f0                dict_read_first
                0x000013f8                dict_serialize_tuplets
                0x00001400                dict_serialize_tuplets_to_buffer
                0x00001408                dict_serialize_tuplets_to_buffer_with_iter
                0x00001410                dict_write_tuplet
                0x00001418                dict_calc_buffer_size_from_tuplets
                0x00001420                dict_merge
                0x00001428                dict_find
                0x00001430                action_bar_layer_init
                0x00001438                action_bar_layer_set_context
                0x00001440                action_bar_layer_set_click_config_provider
                0x00001448                action_bar_layer_set_icon
                0x00001450                action_bar_layer_clear_icon
                0x00001458                action_bar_layer_add_to_window
                0x00001460                action_bar_layer_remove_from_window
                0x00001468                action_bar_layer_set_background_color
                0x00001470                number_window_init
                0x00001478                number_window_set_label
                0x00001480                number_window_set_max
                0x00001488                number_window_set_min
                0x00001490                number_window_set_value
                0x00001498                number_window_set_step_size
                0x000014a0                number_window_get_value
                0x000014a8                clock_copy_time_string
 .text          0x000017d8        0x0 /root/pebble-dev/arm-cs-tools/bin/../lib/gcc/arm-none-eabi/4.6.3/../../../../arm-none-eabi/lib/thumb2/libc.a(lib_a-memset.o)
 .text          0x000017d8        0x0 /root/pebble-dev/arm-cs-tools/bin/../lib/gcc/arm-none-eabi/4.6.3/thumb2/crtend.o
 .text          0x000017d8        0x0 /root/pebble-dev/arm-cs-tools/bin/../lib/gcc/arm-none-eabi/4.6.3/thumb2/crtn.o

.glue_7         0x000017d8        0x0
 .glue_7        0x00000000        0x0 linker stubs

.glue_7t        0x000017d8        0x0
 .glue_7t       0x00000000        0x0 linker stubs

.vfp11_veneer   0x000017d8        0x0
 .vfp11_veneer  0x00000000        0x0 linker stubs

.v4_bx          0x000017d8        0x0
 .v4_bx         0x00000000        0x0 linker stubs

.init           0x000017d8        0xc
 .init          0x000017d8        0x4 /root/pebble-dev/arm-cs-tools/bin/../lib/gcc/arm-none-eabi/4.6.3/thumb2/crti.o
                0x000017d8                _init
 .init          0x000017dc        0x8 /root/pebble-dev/arm-cs-tools/bin/../lib/gcc/arm-none-eabi/4.6.3/thumb2/crtn.o

.fini           0x000017e4        0xc
 .fini          0x000017e4        0x4 /root/pebble-dev/arm-cs-tools/bin/../lib/gcc/arm-none-eabi/4.6.3/thumb2/crti.o
                0x000017e4                _fini
 .fini          0x000017e8        0x8 /root/pebble-dev/arm-cs-tools/bin/../lib/gcc/arm-none-eabi/4.6.3/thumb2/crtn.o

.iplt           0x000017f0        0x0
 .iplt          0x00000000        0x0 /root/pebble-dev/arm-cs-tools/bin/../lib/gcc/arm-none-eabi/4.6.3/thumb2/crti.o

.text.memset    0x000017f0       0x10
 .text.memset   0x000017f0       0x10 /root/pebble-dev/arm-cs-tools/bin/../lib/gcc/arm-none-eabi/4.6.3/../../../../arm-none-eabi/lib/thumb2/libc.a(lib_a-memset.o)
                0x000017f0                memset

.data           0x00001800        0x4
 *(.data)
 .data          0x00001800        0x0 /root/pebble-dev/arm-cs-tools/bin/../lib/gcc/arm-none-eabi/4.6.3/thumb2/crti.o
 .data          0x00001800        0x4 /root/pebble-dev/arm-cs-tools/bin/../lib/gcc/arm-none-eabi/4.6.3/thumb2/crtbegin.o
                0x00001800                __dso_handle
 .data          0x00001804        0x0 src/Bustimer.c.1.o
 .data          0x00001804        0x0 /root/BusTimer/lib/libpebble.a(tmpE96Sgtpebble_os.o)
 .data          0x00001804        0x0 /root/pebble-dev/arm-cs-tools/bin/../lib/gcc/arm-none-eabi/4.6.3/../../../../arm-none-eabi/lib/thumb2/libc.a(lib_a-memset.o)
 .data          0x00001804        0x0 /root/pebble-dev/arm-cs-tools/bin/../lib/gcc/arm-none-eabi/4.6.3/thumb2/crtend.o
 .data          0x00001804        0x0 /root/pebble-dev/arm-cs-tools/bin/../lib/gcc/arm-none-eabi/4.6.3/thumb2/crtn.o

.igot.plt       0x00001804        0x0
 .igot.plt      0x00000000        0x0 /root/pebble-dev/arm-cs-tools/bin/../lib/gcc/arm-none-eabi/4.6.3/thumb2/crti.o

.got            0x00001804       0x1c
 .got           0x00001804       0x1c /root/pebble-dev/arm-cs-tools/bin/../lib/gcc/arm-none-eabi/4.6.3/thumb2/crti.o

.got.plt        0x00001820        0xc
 .got.plt       0x00001820        0xc /root/pebble-dev/arm-cs-tools/bin/../lib/gcc/arm-none-eabi/4.6.3/thumb2/crti.o
                0x00001820                _GLOBAL_OFFSET_TABLE_

.init_array     0x0000182c        0x4
 .init_array    0x0000182c        0x4 /root/pebble-dev/arm-cs-tools/bin/../lib/gcc/arm-none-eabi/4.6.3/thumb2/crtbegin.o

.fini_array     0x00001830        0x4
 .fini_array    0x00001830        0x4 /root/pebble-dev/arm-cs-tools/bin/../lib/gcc/arm-none-eabi/4.6.3/thumb2/crtbegin.o

.jcr            0x00001834        0x4
 .jcr           0x00001834        0x0 /root/pebble-dev/arm-cs-tools/bin/../lib/gcc/arm-none-eabi/4.6.3/thumb2/crtbegin.o
 .jcr           0x00001834        0x4 /root/pebble-dev/arm-cs-tools/bin/../lib/gcc/arm-none-eabi/4.6.3/thumb2/crtend.o

.bss            0x00001838      0x5c4
 *(.bss)
 .bss           0x00001838        0x0 /root/pebble-dev/arm-cs-tools/bin/../lib/gcc/arm-none-eabi/4.6.3/thumb2/crti.o
 .bss           0x00001838       0x1c /root/pebble-dev/arm-cs-tools/bin/../lib/gcc/arm-none-eabi/4.6.3/thumb2/crtbegin.o
 .bss           0x00001854        0x8 src/Bustimer.c.1.o
                0x00001854                buzzOne
                0x00001858                buzzTwo
 .bss           0x0000185c        0x0 /root/BusTimer/lib/libpebble.a(tmpE96Sgtpebble_os.o)
 .bss           0x0000185c        0x0 /root/pebble-dev/arm-cs-tools/bin/../lib/gcc/arm-none-eabi/4.6.3/../../../../arm-none-eabi/lib/thumb2/libc.a(lib_a-memset.o)
 .bss           0x0000185c        0x0 /root/pebble-dev/arm-cs-tools/bin/../lib/gcc/arm-none-eabi/4.6.3/thumb2/crtend.o
 .bss           0x0000185c        0x0 /root/pebble-dev/arm-cs-tools/bin/../lib/gcc/arm-none-eabi/4.6.3/thumb2/crtn.o
 COMMON         0x0000185c      0x5a0 src/Bustimer.c.1.o
                0x0000185c                time_container_layer
                0x00001884                time_slots
                0x000019b4                time_layer
                0x000019dc                countdown_layer
                0x00001a04                countdown_slots
                0x00001d34                window
                0x00001d8c                day_item

DISCARD         0x00001dfc        0x4
 libc.a(*)
 libm.a(*)
 libgcc.a(*)
 *(.eh_frame)
 .eh_frame      0x00001dfc        0x0 /root/pebble-dev/arm-cs-tools/bin/../lib/gcc/arm-none-eabi/4.6.3/thumb2/crtbegin.o
 .eh_frame      0x00001dfc        0x4 /root/pebble-dev/arm-cs-tools/bin/../lib/gcc/arm-none-eabi/4.6.3/thumb2/crtend.o
OUTPUT(/root/BusTimer/build/pebble-app.elf elf32-littlearm)

.rodata         0x00001e00      0x130
 .rodata        0x00001e00      0x130 src/Bustimer.c.1.o
                0x00001eb0                COUNTDOWN_IMAGE_RESOURCE_IDS
                0x00001ed8                TIME_IMAGE_RESOURCE_IDS
                0x00001f00                DAY_IMAGE_RESOURCE_IDS

.rel.dyn        0x00001f30        0x0
 .rel.iplt      0x00000000        0x0 /root/pebble-dev/arm-cs-tools/bin/../lib/gcc/arm-none-eabi/4.6.3/thumb2/crti.o
 .rel.got       0x00000000        0x0 /root/pebble-dev/arm-cs-tools/bin/../lib/gcc/arm-none-eabi/4.6.3/thumb2/crti.o

.ARM.attributes
                0x00000000       0x27
 .ARM.attributes
                0x00000000       0x1b /root/pebble-dev/arm-cs-tools/bin/../lib/gcc/arm-none-eabi/4.6.3/thumb2/crti.o
 .ARM.attributes
                0x0000001b       0x2b /root/pebble-dev/arm-cs-tools/bin/../lib/gcc/arm-none-eabi/4.6.3/thumb2/crtbegin.o
 .ARM.attributes
                0x00000046       0x33 src/Bustimer.c.1.o
 .ARM.attributes
                0x00000079       0x21 /root/BusTimer/lib/libpebble.a(tmpE96Sgtpebble_os.o)
 .ARM.attributes
                0x0000009a       0x2b /root/pebble-dev/arm-cs-tools/bin/../lib/gcc/arm-none-eabi/4.6.3/../../../../arm-none-eabi/lib/thumb2/libc.a(lib_a-memset.o)
 .ARM.attributes
                0x000000c5       0x2b /root/pebble-dev/arm-cs-tools/bin/../lib/gcc/arm-none-eabi/4.6.3/thumb2/crtend.o
 .ARM.attributes
                0x000000f0       0x1b /root/pebble-dev/arm-cs-tools/bin/../lib/gcc/arm-none-eabi/4.6.3/thumb2/crtn.o

.comment        0x00000000       0x4e
 .comment       0x00000000       0x4e /root/pebble-dev/arm-cs-tools/bin/../lib/gcc/arm-none-eabi/4.6.3/thumb2/crtbegin.o
                                 0x4f (size before relaxing)
 .comment       0x00000000       0x4f src/Bustimer.c.1.o
 .comment       0x00000000       0x4f /root/pebble-dev/arm-cs-tools/bin/../lib/gcc/arm-none-eabi/4.6.3/../../../../arm-none-eabi/lib/thumb2/libc.a(lib_a-memset.o)
 .comment       0x00000000       0x4f /root/pebble-dev/arm-cs-tools/bin/../lib/gcc/arm-none-eabi/4.6.3/thumb2/crtend.o

.debug_line     0x00000000      0x3ae
 .debug_line    0x00000000       0x71 /root/pebble-dev/arm-cs-tools/bin/../lib/gcc/arm-none-eabi/4.6.3/thumb2/crti.o
 .debug_line    0x00000071      0x2c8 src/Bustimer.c.1.o
 .debug_line    0x00000339       0x75 /root/pebble-dev/arm-cs-tools/bin/../lib/gcc/arm-none-eabi/4.6.3/thumb2/crtn.o

.debug_info     0x00000000     0x1eaa
 .debug_info    0x00000000       0x93 /root/pebble-dev/arm-cs-tools/bin/../lib/gcc/arm-none-eabi/4.6.3/thumb2/crti.o
 .debug_info    0x00000093     0x1d84 src/Bustimer.c.1.o
 .debug_info    0x00001e17       0x93 /root/pebble-dev/arm-cs-tools/bin/../lib/gcc/arm-none-eabi/4.6.3/thumb2/crtn.o

.debug_abbrev   0x00000000      0x29b
 .debug_abbrev  0x00000000       0x12 /root/pebble-dev/arm-cs-tools/bin/../lib/gcc/arm-none-eabi/4.6.3/thumb2/crti.o
 .debug_abbrev  0x00000012      0x277 src/Bustimer.c.1.o
 .debug_abbrev  0x00000289       0x12 /root/pebble-dev/arm-cs-tools/bin/../lib/gcc/arm-none-eabi/4.6.3/thumb2/crtn.o

.debug_aranges  0x00000000       0x70
 .debug_aranges
                0x00000000       0x28 /root/pebble-dev/arm-cs-tools/bin/../lib/gcc/arm-none-eabi/4.6.3/thumb2/crti.o
 .debug_aranges
                0x00000028       0x20 src/Bustimer.c.1.o
 .debug_aranges
                0x00000048       0x28 /root/pebble-dev/arm-cs-tools/bin/../lib/gcc/arm-none-eabi/4.6.3/thumb2/crtn.o

.debug_ranges   0x00000000       0x40
 .debug_ranges  0x00000000       0x20 /root/pebble-dev/arm-cs-tools/bin/../lib/gcc/arm-none-eabi/4.6.3/thumb2/crti.o
 .debug_ranges  0x00000020       0x20 /root/pebble-dev/arm-cs-tools/bin/../lib/gcc/arm-none-eabi/4.6.3/thumb2/crtn.o

.debug_loc      0x00000000      0x3ca
 .debug_loc     0x00000000      0x3ca src/Bustimer.c.1.o

.debug_str      0x00000000     0x14a4
 .debug_str     0x00000000     0x14a4 src/Bustimer.c.1.o
                               0x15ed (size before relaxing)

.debug_frame    0x00000000      0x228
 .debug_frame   0x00000000      0x228 src/Bustimer.c.1.o
